// elric Snapshot v1, https://goo.gl/fbAQLP

exports[`prints the config object 1`] = `
{
  "configs": {
    "automock": false,
    "cache": false,
    "cacheDirectory": "/test_cache_dir/",
    "clearMocks": false,
    "coveragePathIgnorePatterns": [],
    "cwd": "/test_root_dir/",
    "detectLeaks": false,
    "detectOpenHandles": false,
    "errorOnDeprecated": false,
    "extensionsToTreatAsEsm": [],
    "extraGlobals": [],
    "forceCoverageMatch": [],
    "globals": {},
    "haste": {},
    "injectGlobals": true,
    "moduleDirectories": [],
    "moduleFileExtensions": [
      "js"
    ],
    "moduleLoader": "/test_module_loader_path",
    "moduleNameMapper": [],
    "modulePathIgnorePatterns": [],
    "modulePaths": [],
    "name": "test_name",
    "prettierPath": "prettier",
    "resetMocks": false,
    "resetModules": false,
    "restoreMocks": false,
    "rootDir": "/path/to/dir",
    "roots": [
      "path/to/dir/test"
    ],
    "runner": "elric-runner",
    "setupFiles": [],
    "setupFilesAfterEnv": [],
    "skipFilter": false,
    "skipNodeResolution": false,
    "slowTestThreshold": 5,
    "snapshotFormat": {},
    "snapshotSerializers": [],
    "testEnvironment": "node",
    "testEnvironmentOptions": {},
    "testLocationInResults": false,
    "testMatch": [],
    "testPathIgnorePatterns": [],
    "testRegex": [
      "\\\\.test\\\\.js$"
    ],
    "testRunner": "myRunner",
    "testURL": "http://localhost",
    "timers": "real",
    "transform": [],
    "transformIgnorePatterns": [],
    "watchPathIgnorePatterns": []
  },
  "globalConfig": {
    "bail": 0,
    "changedFilesWithAncestor": false,
    "changedSince": "",
    "collectCoverage": false,
    "collectCoverageFrom": [],
    "coverageDirectory": "coverage",
    "coverageProvider": "babel",
    "coverageReporters": [],
    "coverageThreshold": {
      "global": {}
    },
    "detectLeaks": false,
    "detectOpenHandles": false,
    "errorOnDeprecated": false,
    "expand": false,
    "findRelatedTests": false,
    "forceExit": false,
    "json": false,
    "lastCommit": false,
    "listTests": false,
    "logHeapUsage": false,
    "maxConcurrency": 5,
    "maxWorkers": 2,
    "noStackTrace": false,
    "nonFlagArgs": [],
    "notify": false,
    "notifyMode": "failure-change",
    "onlyChanged": false,
    "onlyFailures": false,
    "passWithNoTests": false,
    "projects": [],
    "reporters": [],
    "rootDir": "/test_root_dir/",
    "runTestsByPath": false,
    "silent": false,
    "skipFilter": false,
    "snapshotFormat": {},
    "testFailureExitCode": 1,
    "testNamePattern": "",
    "testPathPattern": "",
    "testSequencer": "@elric/test-sequencer",
    "testTimeout": 5000,
    "updateSnapshot": "none",
    "useStderr": false,
    "verbose": false,
    "watch": true,
    "watchAll": false,
    "watchPlugins": [],
    "watchman": false
  },
  "version": 123
}

`;
