// elric Snapshot v1, https://goo.gl/fbAQLP

exports[`renders correctly 1`] = `
<View
  style={
    Object {
      "alignItems": "center",
      "backgroundColor": "#F5FCFF",
      "flex": 1,
      "justifyContent": "center",
    }
  }
>
  <Text
    style={
      Object {
        "fontSize": 20,
        "margin": 10,
        "textAlign": "center",
      }
    }
  >
    Welcome to React Native!
  </Text>
  <Text
    style={
      Object {
        "color": "#333333",
        "marginBottom": 5,
        "textAlign": "center",
      }
    }
  >
    This is a React Native snapshot test.
  </Text>
</View>
`;

exports[`renders the ActivityIndicator component 1`] = `
<ActivityIndicator
  animating={true}
  color="#999999"
  hidesWhenStopped={true}
  size="small"
/>
`;

exports[`renders the FlatList component 1`] = `
<RCTScrollView
  data={
    Array [
      "apple",
      "banana",
      "kiwi",
    ]
  }
  disableVirtualization={false}
  getItem={[Function]}
  getItemCount={[Function]}
  horizontal={false}
  initialNumToRender={10}
  keyExtractor={[Function]}
  maxToRenderPerBatch={10}
  onContentSizeChange={[Function]}
  onEndReachedThreshold={2}
  onLayout={[Function]}
  onMomentumScrollEnd={[Function]}
  onScroll={[Function]}
  onScrollBeginDrag={[Function]}
  onScrollEndDrag={[Function]}
  removeClippedSubviews={false}
  renderItem={[Function]}
  scrollEventThrottle={50}
  stickyHeaderIndices={Array []}
  updateCellsBatchingPeriod={50}
  viewabilityConfigCallbackPairs={Array []}
  windowSize={21}
>
  <View>
    <View
      onLayout={[Function]}
      style={null}
    >
      <Text>
        apple
      </Text>
    </View>
    <View
      onLayout={[Function]}
      style={null}
    >
      <Text>
        banana
      </Text>
    </View>
    <View
      onLayout={[Function]}
      style={null}
    >
      <Text>
        kiwi
      </Text>
    </View>
  </View>
</RCTScrollView>
`;

exports[`renders the TextInput component 1`] = `
<TextInput
  allowFontScaling={true}
  autoCorrect={false}
  rejectResponderTermination={true}
  underlineColorAndroid="transparent"
  value="apple banana kiwi"
/>
`;
