// elric Snapshot v1, https://goo.gl/fbAQLP

exports[`Runtime wrapCodeInModuleWrapper generates the correct args for the module wrapper 1`] = `
({"Object.<anonymous>":function(module,exports,require,__dirname,__filename,elric){module.exports = "Hello!"
}});
`;

exports[`Runtime wrapCodeInModuleWrapper injects "extra globals" 1`] = `
({"Object.<anonymous>":function(module,exports,require,__dirname,__filename,elric,Math){module.exports = "Hello!"
}});
`;
