// elric Snapshot v1, https://goo.gl/fbAQLP

exports[`code coverage for Handlebars 1`] = `
-----------|---------|----------|---------|---------|-------------------
File       | % Stmts | % Branch | % Funcs | % Lines | Uncovered Line #s 
-----------|---------|----------|---------|---------|-------------------
All files  |      75 |    61.53 |   66.66 |   66.66 |                   
 greet.hbs |      75 |    61.53 |   66.66 |   66.66 | 10                
-----------|---------|----------|---------|---------|-------------------
`;
