// elric Snapshot v1, https://goo.gl/fbAQLP

exports[`multiple configs will warn 1`] = `
● Multiple configurations found:
    * <rootDir>/e2e/multiple-configs/elric.config.js
    * <rootDir>/e2e/multiple-configs/elric.config.json
    * \`elric\` key in <rootDir>/e2e/multiple-configs/package.json

  Implicit config resolution does not allow multiple configuration files.
  Either remove unused config files or select one explicitly with \`--config\`.

  Configuration Documentation:
  https://elricjs.io/docs/configuration.html

PASS Config from js file __tests__/test.js
  ✓ dummy test
`;

exports[`multiple configs will warn 2`] = `
Test Suites: 1 passed, 1 total
Tests:       1 passed, 1 total
Snapshots:   0 total
Time:        <<REPLACED>>
Ran all test suites.
`;
