// elric Snapshot v1, https://goo.gl/fbAQLP

exports[`--showConfig outputs config info and exits 1`] = `
{
  "configs": [
    {
      "automock": false,
      "cache": false,
      "cacheDirectory": "/tmp/elric",
      "clearMocks": false,
      "coveragePathIgnorePatterns": [
        "/node_modules/"
      ],
      "cwd": "<<REPLACED_ROOT_DIR>>",
      "detectLeaks": false,
      "detectOpenHandles": false,
      "errorOnDeprecated": false,
      "extensionsToTreatAsEsm": [],
      "extraGlobals": [],
      "forceCoverageMatch": [],
      "globals": {},
      "haste": {
        "computeSha1": false,
        "enableSymlinks": false,
        "forceNodeFilesystemAPI": false,
        "throwOnModuleCollision": false
      },
      "injectGlobals": true,
      "moduleDirectories": [
        "node_modules"
      ],
      "moduleFileExtensions": [
        "js",
        "jsx",
        "ts",
        "tsx",
        "json",
        "node"
      ],
      "moduleNameMapper": [],
      "modulePathIgnorePatterns": [],
      "name": "[md5 hash]",
      "prettierPath": "prettier",
      "resetMocks": false,
      "resetModules": false,
      "restoreMocks": false,
      "rootDir": "<<REPLACED_ROOT_DIR>>",
      "roots": [
        "<<REPLACED_ROOT_DIR>>"
      ],
      "runner": "<<REPLACED_elric_PACKAGES_DIR>>/elric-runner/build/index.js",
      "setupFiles": [],
      "setupFilesAfterEnv": [],
      "skipFilter": false,
      "slowTestThreshold": 5,
      "snapshotSerializers": [],
      "testEnvironment": "<<REPLACED_elric_PACKAGES_DIR>>/elric-environment-node/build/index.js",
      "testEnvironmentOptions": {},
      "testLocationInResults": false,
      "testMatch": [
        "**/__tests__/**/*.[jt]s?(x)",
        "**/?(*.)+(spec|test).[tj]s?(x)"
      ],
      "testPathIgnorePatterns": [
        "/node_modules/"
      ],
      "testRegex": [],
      "testRunner": "<<REPLACED_elric_PACKAGES_DIR>>/elric-circus/runner.js",
      "testURL": "http://localhost",
      "timers": "real",
      "transform": [
        [
          "\\\\.[jt]sx?$",
          "<<REPLACED_elric_PACKAGES_DIR>>/babel-elric/build/index.js",
          {}
        ]
      ],
      "transformIgnorePatterns": [
        "/node_modules/",
        "<<REPLACED_PNP_PATH>>"
      ],
      "watchPathIgnorePatterns": []
    }
  ],
  "globalConfig": {
    "bail": 0,
    "changedFilesWithAncestor": false,
    "collectCoverage": false,
    "collectCoverageFrom": [],
    "coverageDirectory": "<<REPLACED_ROOT_DIR>>/coverage",
    "coverageProvider": "babel",
    "coverageReporters": [
      "json",
      "text",
      "lcov",
      "clover"
    ],
    "detectLeaks": false,
    "detectOpenHandles": false,
    "errorOnDeprecated": false,
    "expand": false,
    "findRelatedTests": false,
    "forceExit": false,
    "json": false,
    "lastCommit": false,
    "listTests": false,
    "logHeapUsage": false,
    "maxConcurrency": 5,
    "maxWorkers": "[maxWorkers]",
    "noStackTrace": false,
    "nonFlagArgs": [],
    "notify": false,
    "notifyMode": "failure-change",
    "onlyChanged": false,
    "onlyFailures": false,
    "passWithNoTests": false,
    "projects": [],
    "rootDir": "<<REPLACED_ROOT_DIR>>",
    "runTestsByPath": false,
    "skipFilter": false,
    "testFailureExitCode": 1,
    "testPathPattern": "",
    "testSequencer": "<<REPLACED_elric_PACKAGES_DIR>>/elric-test-sequencer/build/index.js",
    "updateSnapshot": "all",
    "useStderr": false,
    "watch": false,
    "watchAll": false,
    "watchman": true
  },
  "version": "[version]"
}
`;
