// elric Snapshot v1, https://goo.gl/fbAQLP

exports[`basic support: initial write 1`] = `
test('inline snapshots', () =>
  expect({apple: 'original value'}).toMatchInlineSnapshot(\`
    Object {
      "apple": "original value",
    }
  \`));

`;

exports[`basic support: snapshot mismatch 1`] = `
test('inline snapshots', () =>
expect({apple: 'updated value'}).toMatchInlineSnapshot(\`
  Object {
    "apple": "original value",
  }
\`));
`;

exports[`basic support: snapshot passed 1`] = `
test('inline snapshots', () =>
  expect({apple: 'original value'}).toMatchInlineSnapshot(\`
    Object {
      "apple": "original value",
    }
  \`));

`;

exports[`basic support: snapshot updated 1`] = `
test('inline snapshots', () =>
  expect({apple: 'updated value'}).toMatchInlineSnapshot(\`
    Object {
      "apple": "updated value",
    }
  \`));

`;

exports[`do not indent empty lines: initial write 1`] = `
test('inline snapshots', () =>
  expect(\`hello

world\`).toMatchInlineSnapshot(\`
    "hello

    world"
  \`));

`;

exports[`do not indent empty lines: snapshot passed 1`] = `
test('inline snapshots', () =>
  expect(\`hello

world\`).toMatchInlineSnapshot(\`
    "hello

    world"
  \`));

`;

exports[`handles property matchers: initial write 1`] = `
test('handles property matchers', () => {
  expect({createdAt: new Date()}).toMatchInlineSnapshot(
    {createdAt: expect.any(Date)},
    \`
    Object {
      "createdAt": Any<Date>,
    }
  \`,
  );
});

`;

exports[`handles property matchers: snapshot failed 1`] = `
test('handles property matchers', () => {
expect({createdAt: "string"}).toMatchInlineSnapshot(
  {createdAt: expect.any(Date)},
  \`
  Object {
    "createdAt": Any<Date>,
  }
\`,
);
});
`;

exports[`handles property matchers: snapshot passed 1`] = `
test('handles property matchers', () => {
  expect({createdAt: new Date()}).toMatchInlineSnapshot(
    {createdAt: expect.any(Date)},
    \`
    Object {
      "createdAt": Any<Date>,
    }
  \`,
  );
});

`;

exports[`handles property matchers: snapshot updated 1`] = `
test('handles property matchers', () => {
  expect({createdAt: 'string'}).toMatchInlineSnapshot(
    {createdAt: expect.any(String)},
    \`
    Object {
      "createdAt": Any<String>,
    }
  \`,
  );
});

`;

exports[`indentation is correct in the presences of existing snapshots, when the file is correctly formatted by prettier: existing snapshot 1`] = `
it('is true', () => {
  expect(true).toMatchInlineSnapshot(\`true\`);
  expect([1, 2, 3]).toMatchInlineSnapshot(\`
    Array [
      1,
      2,
      3,
    ]
  \`);
});

`;

exports[`indentation is correct in the presences of existing snapshots: existing snapshot 1`] = `
test('existing snapshot', () => {
  expect({hello: 'world'}).toMatchInlineSnapshot(\`
    Object {
      "hello": "world",
    }
  \`);
  expect({hello: 'world'}).toMatchInlineSnapshot(\`
    Object {
      "hello": "world",
    }
  \`);
});

`;

exports[`multiple custom matchers and native matchers: multiple matchers 1`] = `
const {toMatchInlineSnapshot} = require('elric-snapshot');
expect.extend({
  toMatchCustomInlineSnapshot(received, ...args) {
    return toMatchInlineSnapshot.call(this, received, ...args);
  },
  toMatchCustomInlineSnapshot2(received, ...args) {
    return toMatchInlineSnapshot.call(this, received, ...args);
  },
});
test('inline snapshots', () => {
  expect({apple: 'value 1'}).toMatchCustomInlineSnapshot(\`
    Object {
      "apple": "value 1",
    }
  \`);
  expect({apple: 'value 2'}).toMatchInlineSnapshot(\`
    Object {
      "apple": "value 2",
    }
  \`);
  expect({apple: 'value 3'}).toMatchCustomInlineSnapshot2(\`
    Object {
      "apple": "value 3",
    }
  \`);
  expect({apple: 'value 4'}).toMatchInlineSnapshot(\`
    Object {
      "apple": "value 4",
    }
  \`);
});

`;

exports[`removes obsolete external snapshots: external snapshot cleaned 1`] = `
test('removes obsolete external snapshots', () => {
  expect('1').toMatchInlineSnapshot(\`"1"\`);
});

`;

exports[`removes obsolete external snapshots: initial write 1`] = `
test('removes obsolete external snapshots', () => {
  expect('1').toMatchSnapshot();
});
`;

exports[`removes obsolete external snapshots: inline snapshot written 1`] = `
test('removes obsolete external snapshots', () => {
  expect('1').toMatchInlineSnapshot(\`"1"\`);
});

`;

exports[`supports async matchers 1`] = `
test('inline snapshots', async () => {
  expect(Promise.resolve('success')).resolves.toMatchInlineSnapshot(
    \`"success"\`,
  );
  expect(Promise.reject('fail')).rejects.toMatchInlineSnapshot(\`"fail"\`);
});

`;

exports[`supports async tests 1`] = `
test('inline snapshots', async () => {
  await 'next tick';
  expect(42).toMatchInlineSnapshot(\`42\`);
});

`;

exports[`supports custom matchers with property matcher: custom matchers with property matcher 1`] = `
const {toMatchInlineSnapshot} = require('elric-snapshot');
expect.extend({
  toMatchCustomInlineSnapshot(received, ...args) {
    return toMatchInlineSnapshot.call(this, received, ...args);
  },
  toMatchUserInlineSnapshot(received, ...args) {
    return toMatchInlineSnapshot.call(
      this,
      received,
      {
        createdAt: expect.any(Date),
        id: expect.any(Number),
      },
      ...args,
    );
  },
});
test('inline snapshots', () => {
  const user = {
    createdAt: new Date(),
    id: Math.floor(Math.random() * 20),
    name: 'LeBron James',
  };
  expect(user).toMatchCustomInlineSnapshot(
    {
      createdAt: expect.any(Date),
      id: expect.any(Number),
    },
    \`
    Object {
      "createdAt": Any<Date>,
      "id": Any<Number>,
      "name": "LeBron James",
    }
  \`,
  );
  expect(user).toMatchUserInlineSnapshot(\`
    Object {
      "createdAt": Any<Date>,
      "id": Any<Number>,
      "name": "LeBron James",
    }
  \`);
});

`;

exports[`supports custom matchers: custom matchers 1`] = `
const {toMatchInlineSnapshot} = require('elric-snapshot');
expect.extend({
  toMatchCustomInlineSnapshot(received, ...args) {
    return toMatchInlineSnapshot.call(this, received, ...args);
  },
});
test('inline snapshots', () => {
  expect({apple: 'original value'}).toMatchCustomInlineSnapshot(\`
    Object {
      "apple": "original value",
    }
  \`);
});

`;

exports[`writes snapshots with non-literals in expect(...) 1`] = `
it('works with inline snapshots', () => {
  expect({a: 1}).toMatchInlineSnapshot(\`
    Object {
      "a": 1,
    }
  \`);
});

`;
