// elric Snapshot v1, https://goo.gl/fbAQLP

exports[`should support rejecting promises 1`] = `
// elric Snapshot v1, https://goo.gl/fbAQLP

exports[\`should support rejecting promises 1\`] = \`"octopus"\`;

`;
