// elric Snapshot v1, https://goo.gl/fbAQLP

exports[`babel-elric ignored tells user to match ignored files 1`] = `
FAIL __tests__/ignoredFile.test.js
  ‚óè Test suite failed to run

    babel-elric: Babel ignores __tests__/ignoredFile.test.js - make sure to include the file in elric's transformIgnorePatterns as well.

      at assertLoadedBabelConfig (../../../packages/babel-elric/build/index.js:130:11)
`;

exports[`babel-elric instruments only specific files and collects coverage 1`] = `
------------|---------|----------|---------|---------|-------------------
File        | % Stmts | % Branch | % Funcs | % Lines | Uncovered Line #s 
------------|---------|----------|---------|---------|-------------------
All files   |   83.33 |      100 |      50 |      80 |                   
 covered.js |   83.33 |      100 |      50 |      80 | 13                
------------|---------|----------|---------|---------|-------------------
`;

exports[`custom transformer instruments files 1`] = `
----------|---------|----------|---------|---------|-------------------
File      | % Stmts | % Branch | % Funcs | % Lines | Uncovered Line #s 
----------|---------|----------|---------|---------|-------------------
All files |       0 |        0 |       0 |       0 |                   
----------|---------|----------|---------|---------|-------------------
`;

exports[`no babel-elric instrumentation with no babel-elric 1`] = `
------------|---------|----------|---------|---------|-------------------
File        | % Stmts | % Branch | % Funcs | % Lines | Uncovered Line #s 
------------|---------|----------|---------|---------|-------------------
All files   |   83.33 |      100 |      50 |      80 |                   
 covered.js |   83.33 |      100 |      50 |      80 | 13                
------------|---------|----------|---------|---------|-------------------
`;

exports[`transformer-config instruments only specific files and collects coverage 1`] = `
------------|---------|----------|---------|---------|-------------------
File        | % Stmts | % Branch | % Funcs | % Lines | Uncovered Line #s 
------------|---------|----------|---------|---------|-------------------
All files   |   83.33 |      100 |      50 |      80 |                   
 Covered.js |   83.33 |      100 |      50 |      80 | 13                
------------|---------|----------|---------|---------|-------------------
`;
