// elric Snapshot v1, https://goo.gl/fbAQLP

exports[`elric-each .describe throws an error when called with an empty string 1`] = `
"Error: \`.each\` called with an empty Tagged Template Literal of table data.
"
`;

exports[`elric-each .describe throws error when there are additional words in first column heading 1`] = `
"Table headings do not conform to expected format:

<green>heading1 | headingN</>

Received:

<red>\\"</>
<red>          a is the left | b    | expected</>
<red>          \\"</>"
`;

exports[`elric-each .describe throws error when there are additional words in last column heading 1`] = `
"Table headings do not conform to expected format:

<green>heading1 | headingN</>

Received:

<red>\\"</>
<red>          a    | b    | expected value</>
<red>          \\"</>"
`;

exports[`elric-each .describe throws error when there are additional words in second column heading 1`] = `
"Table headings do not conform to expected format:

<green>heading1 | headingN</>

Received:

<red>\\"</>
<red>          a    | b is the right | expected</>
<red>          \\"</>"
`;

exports[`elric-each .describe throws error when there are fewer arguments than headings over multiple rows 1`] = `
"Not enough arguments supplied for given headings:
<green>a | b | expected</>

Received:
<red>Array [</>
<red>  0,</>
<red>  1,</>
<red>  1,</>
<red>  1,</>
<red>  1,</>
<red>]</>

Missing <red>2</> arguments"
`;

exports[`elric-each .describe throws error when there are fewer arguments than headings when given one row 1`] = `
"Not enough arguments supplied for given headings:
<green>a | b | expected</>

Received:
<red>Array [</>
<red>  0,</>
<red>  1,</>
<red>]</>

Missing <red>2</> arguments"
`;

exports[`elric-each .describe throws error when there are no arguments for given headings 1`] = `
"Error: \`.each\` called with a Tagged Template Literal with no data, remember to interpolate with \${expression} syntax.
"
`;

exports[`elric-each .describe.only throws an error when called with an empty string 1`] = `
"Error: \`.each\` called with an empty Tagged Template Literal of table data.
"
`;

exports[`elric-each .describe.only throws error when there are additional words in first column heading 1`] = `
"Table headings do not conform to expected format:

<green>heading1 | headingN</>

Received:

<red>\\"</>
<red>          a is the left | b    | expected</>
<red>          \\"</>"
`;

exports[`elric-each .describe.only throws error when there are additional words in last column heading 1`] = `
"Table headings do not conform to expected format:

<green>heading1 | headingN</>

Received:

<red>\\"</>
<red>          a    | b    | expected value</>
<red>          \\"</>"
`;

exports[`elric-each .describe.only throws error when there are additional words in second column heading 1`] = `
"Table headings do not conform to expected format:

<green>heading1 | headingN</>

Received:

<red>\\"</>
<red>          a    | b is the right | expected</>
<red>          \\"</>"
`;

exports[`elric-each .describe.only throws error when there are fewer arguments than headings over multiple rows 1`] = `
"Not enough arguments supplied for given headings:
<green>a | b | expected</>

Received:
<red>Array [</>
<red>  0,</>
<red>  1,</>
<red>  1,</>
<red>  1,</>
<red>  1,</>
<red>]</>

Missing <red>2</> arguments"
`;

exports[`elric-each .describe.only throws error when there are fewer arguments than headings when given one row 1`] = `
"Not enough arguments supplied for given headings:
<green>a | b | expected</>

Received:
<red>Array [</>
<red>  0,</>
<red>  1,</>
<red>]</>

Missing <red>2</> arguments"
`;

exports[`elric-each .describe.only throws error when there are no arguments for given headings 1`] = `
"Error: \`.each\` called with a Tagged Template Literal with no data, remember to interpolate with \${expression} syntax.
"
`;

exports[`elric-each .fdescribe throws an error when called with an empty string 1`] = `
"Error: \`.each\` called with an empty Tagged Template Literal of table data.
"
`;

exports[`elric-each .fdescribe throws error when there are additional words in first column heading 1`] = `
"Table headings do not conform to expected format:

<green>heading1 | headingN</>

Received:

<red>\\"</>
<red>          a is the left | b    | expected</>
<red>          \\"</>"
`;

exports[`elric-each .fdescribe throws error when there are additional words in last column heading 1`] = `
"Table headings do not conform to expected format:

<green>heading1 | headingN</>

Received:

<red>\\"</>
<red>          a    | b    | expected value</>
<red>          \\"</>"
`;

exports[`elric-each .fdescribe throws error when there are additional words in second column heading 1`] = `
"Table headings do not conform to expected format:

<green>heading1 | headingN</>

Received:

<red>\\"</>
<red>          a    | b is the right | expected</>
<red>          \\"</>"
`;

exports[`elric-each .fdescribe throws error when there are fewer arguments than headings over multiple rows 1`] = `
"Not enough arguments supplied for given headings:
<green>a | b | expected</>

Received:
<red>Array [</>
<red>  0,</>
<red>  1,</>
<red>  1,</>
<red>  1,</>
<red>  1,</>
<red>]</>

Missing <red>2</> arguments"
`;

exports[`elric-each .fdescribe throws error when there are fewer arguments than headings when given one row 1`] = `
"Not enough arguments supplied for given headings:
<green>a | b | expected</>

Received:
<red>Array [</>
<red>  0,</>
<red>  1,</>
<red>]</>

Missing <red>2</> arguments"
`;

exports[`elric-each .fdescribe throws error when there are no arguments for given headings 1`] = `
"Error: \`.each\` called with a Tagged Template Literal with no data, remember to interpolate with \${expression} syntax.
"
`;

exports[`elric-each .fit throws an error when called with an empty string 1`] = `
"Error: \`.each\` called with an empty Tagged Template Literal of table data.
"
`;

exports[`elric-each .fit throws error when there are additional words in first column heading 1`] = `
"Table headings do not conform to expected format:

<green>heading1 | headingN</>

Received:

<red>\\"</>
<red>          a is the left | b    | expected</>
<red>          \\"</>"
`;

exports[`elric-each .fit throws error when there are additional words in last column heading 1`] = `
"Table headings do not conform to expected format:

<green>heading1 | headingN</>

Received:

<red>\\"</>
<red>          a    | b    | expected value</>
<red>          \\"</>"
`;

exports[`elric-each .fit throws error when there are additional words in second column heading 1`] = `
"Table headings do not conform to expected format:

<green>heading1 | headingN</>

Received:

<red>\\"</>
<red>          a    | b is the right | expected</>
<red>          \\"</>"
`;

exports[`elric-each .fit throws error when there are fewer arguments than headings over multiple rows 1`] = `
"Not enough arguments supplied for given headings:
<green>a | b | expected</>

Received:
<red>Array [</>
<red>  0,</>
<red>  1,</>
<red>  1,</>
<red>  1,</>
<red>  1,</>
<red>]</>

Missing <red>2</> arguments"
`;

exports[`elric-each .fit throws error when there are fewer arguments than headings when given one row 1`] = `
"Not enough arguments supplied for given headings:
<green>a | b | expected</>

Received:
<red>Array [</>
<red>  0,</>
<red>  1,</>
<red>]</>

Missing <red>2</> arguments"
`;

exports[`elric-each .fit throws error when there are no arguments for given headings 1`] = `
"Error: \`.each\` called with a Tagged Template Literal with no data, remember to interpolate with \${expression} syntax.
"
`;

exports[`elric-each .it throws an error when called with an empty string 1`] = `
"Error: \`.each\` called with an empty Tagged Template Literal of table data.
"
`;

exports[`elric-each .it throws error when there are additional words in first column heading 1`] = `
"Table headings do not conform to expected format:

<green>heading1 | headingN</>

Received:

<red>\\"</>
<red>          a is the left | b    | expected</>
<red>          \\"</>"
`;

exports[`elric-each .it throws error when there are additional words in last column heading 1`] = `
"Table headings do not conform to expected format:

<green>heading1 | headingN</>

Received:

<red>\\"</>
<red>          a    | b    | expected value</>
<red>          \\"</>"
`;

exports[`elric-each .it throws error when there are additional words in second column heading 1`] = `
"Table headings do not conform to expected format:

<green>heading1 | headingN</>

Received:

<red>\\"</>
<red>          a    | b is the right | expected</>
<red>          \\"</>"
`;

exports[`elric-each .it throws error when there are fewer arguments than headings over multiple rows 1`] = `
"Not enough arguments supplied for given headings:
<green>a | b | expected</>

Received:
<red>Array [</>
<red>  0,</>
<red>  1,</>
<red>  1,</>
<red>  1,</>
<red>  1,</>
<red>]</>

Missing <red>2</> arguments"
`;

exports[`elric-each .it throws error when there are fewer arguments than headings when given one row 1`] = `
"Not enough arguments supplied for given headings:
<green>a | b | expected</>

Received:
<red>Array [</>
<red>  0,</>
<red>  1,</>
<red>]</>

Missing <red>2</> arguments"
`;

exports[`elric-each .it throws error when there are no arguments for given headings 1`] = `
"Error: \`.each\` called with a Tagged Template Literal with no data, remember to interpolate with \${expression} syntax.
"
`;

exports[`elric-each .it.only throws an error when called with an empty string 1`] = `
"Error: \`.each\` called with an empty Tagged Template Literal of table data.
"
`;

exports[`elric-each .it.only throws error when there are additional words in first column heading 1`] = `
"Table headings do not conform to expected format:

<green>heading1 | headingN</>

Received:

<red>\\"</>
<red>          a is the left | b    | expected</>
<red>          \\"</>"
`;

exports[`elric-each .it.only throws error when there are additional words in last column heading 1`] = `
"Table headings do not conform to expected format:

<green>heading1 | headingN</>

Received:

<red>\\"</>
<red>          a    | b    | expected value</>
<red>          \\"</>"
`;

exports[`elric-each .it.only throws error when there are additional words in second column heading 1`] = `
"Table headings do not conform to expected format:

<green>heading1 | headingN</>

Received:

<red>\\"</>
<red>          a    | b is the right | expected</>
<red>          \\"</>"
`;

exports[`elric-each .it.only throws error when there are fewer arguments than headings over multiple rows 1`] = `
"Not enough arguments supplied for given headings:
<green>a | b | expected</>

Received:
<red>Array [</>
<red>  0,</>
<red>  1,</>
<red>  1,</>
<red>  1,</>
<red>  1,</>
<red>]</>

Missing <red>2</> arguments"
`;

exports[`elric-each .it.only throws error when there are fewer arguments than headings when given one row 1`] = `
"Not enough arguments supplied for given headings:
<green>a | b | expected</>

Received:
<red>Array [</>
<red>  0,</>
<red>  1,</>
<red>]</>

Missing <red>2</> arguments"
`;

exports[`elric-each .it.only throws error when there are no arguments for given headings 1`] = `
"Error: \`.each\` called with a Tagged Template Literal with no data, remember to interpolate with \${expression} syntax.
"
`;

exports[`elric-each .test throws an error when called with an empty string 1`] = `
"Error: \`.each\` called with an empty Tagged Template Literal of table data.
"
`;

exports[`elric-each .test throws error when there are additional words in first column heading 1`] = `
"Table headings do not conform to expected format:

<green>heading1 | headingN</>

Received:

<red>\\"</>
<red>          a is the left | b    | expected</>
<red>          \\"</>"
`;

exports[`elric-each .test throws error when there are additional words in last column heading 1`] = `
"Table headings do not conform to expected format:

<green>heading1 | headingN</>

Received:

<red>\\"</>
<red>          a    | b    | expected value</>
<red>          \\"</>"
`;

exports[`elric-each .test throws error when there are additional words in second column heading 1`] = `
"Table headings do not conform to expected format:

<green>heading1 | headingN</>

Received:

<red>\\"</>
<red>          a    | b is the right | expected</>
<red>          \\"</>"
`;

exports[`elric-each .test throws error when there are fewer arguments than headings over multiple rows 1`] = `
"Not enough arguments supplied for given headings:
<green>a | b | expected</>

Received:
<red>Array [</>
<red>  0,</>
<red>  1,</>
<red>  1,</>
<red>  1,</>
<red>  1,</>
<red>]</>

Missing <red>2</> arguments"
`;

exports[`elric-each .test throws error when there are fewer arguments than headings when given one row 1`] = `
"Not enough arguments supplied for given headings:
<green>a | b | expected</>

Received:
<red>Array [</>
<red>  0,</>
<red>  1,</>
<red>]</>

Missing <red>2</> arguments"
`;

exports[`elric-each .test throws error when there are no arguments for given headings 1`] = `
"Error: \`.each\` called with a Tagged Template Literal with no data, remember to interpolate with \${expression} syntax.
"
`;

exports[`elric-each .test.concurrent throws an error when called with an empty string 1`] = `
"Error: \`.each\` called with an empty Tagged Template Literal of table data.
"
`;

exports[`elric-each .test.concurrent throws error when there are additional words in first column heading 1`] = `
"Table headings do not conform to expected format:

<green>heading1 | headingN</>

Received:

<red>\\"</>
<red>          a is the left | b    | expected</>
<red>          \\"</>"
`;

exports[`elric-each .test.concurrent throws error when there are additional words in last column heading 1`] = `
"Table headings do not conform to expected format:

<green>heading1 | headingN</>

Received:

<red>\\"</>
<red>          a    | b    | expected value</>
<red>          \\"</>"
`;

exports[`elric-each .test.concurrent throws error when there are additional words in second column heading 1`] = `
"Table headings do not conform to expected format:

<green>heading1 | headingN</>

Received:

<red>\\"</>
<red>          a    | b is the right | expected</>
<red>          \\"</>"
`;

exports[`elric-each .test.concurrent throws error when there are fewer arguments than headings over multiple rows 1`] = `
"Not enough arguments supplied for given headings:
<green>a | b | expected</>

Received:
<red>Array [</>
<red>  0,</>
<red>  1,</>
<red>  1,</>
<red>  1,</>
<red>  1,</>
<red>]</>

Missing <red>2</> arguments"
`;

exports[`elric-each .test.concurrent throws error when there are fewer arguments than headings when given one row 1`] = `
"Not enough arguments supplied for given headings:
<green>a | b | expected</>

Received:
<red>Array [</>
<red>  0,</>
<red>  1,</>
<red>]</>

Missing <red>2</> arguments"
`;

exports[`elric-each .test.concurrent throws error when there are no arguments for given headings 1`] = `
"Error: \`.each\` called with a Tagged Template Literal with no data, remember to interpolate with \${expression} syntax.
"
`;

exports[`elric-each .test.concurrent.only throws an error when called with an empty string 1`] = `
"Error: \`.each\` called with an empty Tagged Template Literal of table data.
"
`;

exports[`elric-each .test.concurrent.only throws error when there are additional words in first column heading 1`] = `
"Table headings do not conform to expected format:

<green>heading1 | headingN</>

Received:

<red>\\"</>
<red>          a is the left | b    | expected</>
<red>          \\"</>"
`;

exports[`elric-each .test.concurrent.only throws error when there are additional words in last column heading 1`] = `
"Table headings do not conform to expected format:

<green>heading1 | headingN</>

Received:

<red>\\"</>
<red>          a    | b    | expected value</>
<red>          \\"</>"
`;

exports[`elric-each .test.concurrent.only throws error when there are additional words in second column heading 1`] = `
"Table headings do not conform to expected format:

<green>heading1 | headingN</>

Received:

<red>\\"</>
<red>          a    | b is the right | expected</>
<red>          \\"</>"
`;

exports[`elric-each .test.concurrent.only throws error when there are fewer arguments than headings over multiple rows 1`] = `
"Not enough arguments supplied for given headings:
<green>a | b | expected</>

Received:
<red>Array [</>
<red>  0,</>
<red>  1,</>
<red>  1,</>
<red>  1,</>
<red>  1,</>
<red>]</>

Missing <red>2</> arguments"
`;

exports[`elric-each .test.concurrent.only throws error when there are fewer arguments than headings when given one row 1`] = `
"Not enough arguments supplied for given headings:
<green>a | b | expected</>

Received:
<red>Array [</>
<red>  0,</>
<red>  1,</>
<red>]</>

Missing <red>2</> arguments"
`;

exports[`elric-each .test.concurrent.only throws error when there are no arguments for given headings 1`] = `
"Error: \`.each\` called with a Tagged Template Literal with no data, remember to interpolate with \${expression} syntax.
"
`;

exports[`elric-each .test.concurrent.skip throws an error when called with an empty string 1`] = `
"Error: \`.each\` called with an empty Tagged Template Literal of table data.
"
`;

exports[`elric-each .test.concurrent.skip throws error when there are additional words in first column heading 1`] = `
"Table headings do not conform to expected format:

<green>heading1 | headingN</>

Received:

<red>\\"</>
<red>          a is the left | b    | expected</>
<red>          \\"</>"
`;

exports[`elric-each .test.concurrent.skip throws error when there are additional words in last column heading 1`] = `
"Table headings do not conform to expected format:

<green>heading1 | headingN</>

Received:

<red>\\"</>
<red>          a    | b    | expected value</>
<red>          \\"</>"
`;

exports[`elric-each .test.concurrent.skip throws error when there are additional words in second column heading 1`] = `
"Table headings do not conform to expected format:

<green>heading1 | headingN</>

Received:

<red>\\"</>
<red>          a    | b is the right | expected</>
<red>          \\"</>"
`;

exports[`elric-each .test.concurrent.skip throws error when there are fewer arguments than headings over multiple rows 1`] = `
"Not enough arguments supplied for given headings:
<green>a | b | expected</>

Received:
<red>Array [</>
<red>  0,</>
<red>  1,</>
<red>  1,</>
<red>  1,</>
<red>  1,</>
<red>]</>

Missing <red>2</> arguments"
`;

exports[`elric-each .test.concurrent.skip throws error when there are fewer arguments than headings when given one row 1`] = `
"Not enough arguments supplied for given headings:
<green>a | b | expected</>

Received:
<red>Array [</>
<red>  0,</>
<red>  1,</>
<red>]</>

Missing <red>2</> arguments"
`;

exports[`elric-each .test.concurrent.skip throws error when there are no arguments for given headings 1`] = `
"Error: \`.each\` called with a Tagged Template Literal with no data, remember to interpolate with \${expression} syntax.
"
`;

exports[`elric-each .test.only throws an error when called with an empty string 1`] = `
"Error: \`.each\` called with an empty Tagged Template Literal of table data.
"
`;

exports[`elric-each .test.only throws error when there are additional words in first column heading 1`] = `
"Table headings do not conform to expected format:

<green>heading1 | headingN</>

Received:

<red>\\"</>
<red>          a is the left | b    | expected</>
<red>          \\"</>"
`;

exports[`elric-each .test.only throws error when there are additional words in last column heading 1`] = `
"Table headings do not conform to expected format:

<green>heading1 | headingN</>

Received:

<red>\\"</>
<red>          a    | b    | expected value</>
<red>          \\"</>"
`;

exports[`elric-each .test.only throws error when there are additional words in second column heading 1`] = `
"Table headings do not conform to expected format:

<green>heading1 | headingN</>

Received:

<red>\\"</>
<red>          a    | b is the right | expected</>
<red>          \\"</>"
`;

exports[`elric-each .test.only throws error when there are fewer arguments than headings over multiple rows 1`] = `
"Not enough arguments supplied for given headings:
<green>a | b | expected</>

Received:
<red>Array [</>
<red>  0,</>
<red>  1,</>
<red>  1,</>
<red>  1,</>
<red>  1,</>
<red>]</>

Missing <red>2</> arguments"
`;

exports[`elric-each .test.only throws error when there are fewer arguments than headings when given one row 1`] = `
"Not enough arguments supplied for given headings:
<green>a | b | expected</>

Received:
<red>Array [</>
<red>  0,</>
<red>  1,</>
<red>]</>

Missing <red>2</> arguments"
`;

exports[`elric-each .test.only throws error when there are no arguments for given headings 1`] = `
"Error: \`.each\` called with a Tagged Template Literal with no data, remember to interpolate with \${expression} syntax.
"
`;
